bottle 1 62.65060240963855
bottle 2 59.036144578313255
bottle 4 69.87951807228916
cable 1 32.666666666666664
cable 2 49.333333333333336
cable 4 62.666666666666664
capsule 1 33.333333333333336
capsule 2 30.303030303030305
capsule 4 37.121212121212125
carpet 1 52.136752136752136
carpet 2 58.97435897435897
carpet 4 77.77777777777777
grid 1 44.87179487179487
grid 2 46.15384615384615
grid 4 64.1025641025641
hazelnut 1 60.0
hazelnut 2 67.27272727272727
hazelnut 4 72.72727272727273
leather 1 67.74193548387096
leather 2 70.16129032258064
leather 4 74.19354838709677
metal_nut 1 38.26086956521739
metal_nut 2 44.34782608695652
metal_nut 4 47.82608695652174
pill 1 28.74251497005988
pill 2 33.532934131736525
pill 4 42.51497005988024
screw 1 19.375
screw 2 26.875
screw 4 32.5
tile 1 80.34188034188034
tile 2 82.90598290598291
tile 4 90.5982905982906
toothbrush 1 76.19047619047619
toothbrush 2 80.95238095238095
toothbrush 4 80.95238095238095
bottle 1 50.602409638554214
bottle 2 51.80722891566265
bottle 4 72.28915662650603
cable 1 37.333333333333336
cable 2 40.0
cable 4 56.0
capsule 1 26.515151515151516
capsule 2 25.757575757575758
